 NCSunDriver

 Timestamp is 5451efc6 (Thu Oct 30 15:59:02 2014)

 Preferred load address is 00010000

 Start         Length     Name                   Class
 0001:00000000 000002e0H .text                   CODE
 0002:00000000 00000064H .idata$5                DATA
 0002:00000070 0000058cH .rdata                  DATA
 0002:000005fc 00000061H .rdata$debug            DATA
 0003:00000000 00000060H .data                   DATA
 0004:00000000 00001411H PAGE                    CODE
 0005:00000000 00000079H INIT                    CODE
 0005:0000007c 00000028H .idata$2                CODE
 0005:000000a4 00000014H .idata$3                CODE
 0005:000000b8 00000064H .idata$4                CODE
 0005:0000011c 000001ecH .idata$6                CODE

  Address         Publics by Value              Rva+Base       Lib:Object

 0001:00000000       _DbgRaiseAssertionFailure@0 00011000 f i NCSunDriver.obj
 0001:00000010       _IoSkipCurrentIrpStackLocation@4 00011010 f i NCSunDriver.obj
 0001:00000080       ?OnRequestComplete@@YGJPAU_DEVICE_OBJECT@@PAU_IRP@@PAU_KEVENT@@@Z 00011080 f   NCSunDriver.obj
 0001:000000a0       ?OnInterrupt@@YGEPAU_KINTERRUPT@@PAU_DEVICE_EXTENSION@@@Z 000110a0 f   NCSunDriver.obj
 0001:000000b0       _IoSetCompletionRoutine@24 000110b0 f i NCSunDriver.obj
 0001:00000180       _IoGetNextIrpStackLocation@4 00011180 f i NCSunDriver.obj
 0001:000001d0       _IoCopyCurrentIrpStackLocationToNext@4 000111d0 f i NCSunDriver.obj
 0001:00000210       _IoGetCurrentIrpStackLocation@4 00011210 f i NCSunDriver.obj
 0001:0000025c       _DbgPrint                  0001125c f   ntoskrnl:ntoskrnl.exe
 0001:00000262       _IoDeleteDevice@4          00011262 f   ntoskrnl:ntoskrnl.exe
 0001:00000268       _IoRegisterDeviceInterface@16 00011268 f   ntoskrnl:ntoskrnl.exe
 0001:0000026e       _IoAttachDeviceToDeviceStack@8 0001126e f   ntoskrnl:ntoskrnl.exe
 0001:00000274       _IoCreateDevice@28         00011274 f   ntoskrnl:ntoskrnl.exe
 0001:0000027a       @IofCallDriver@8           0001127a f   ntoskrnl:ntoskrnl.exe
 0001:00000280       _RtlAssert@16              00011280 f   ntoskrnl:ntoskrnl.exe
 0001:00000286       _KeSetEvent@12             00011286 f   ntoskrnl:ntoskrnl.exe
 0001:0000028c       _KeWaitForSingleObject@20  0001128c f   ntoskrnl:ntoskrnl.exe
 0001:00000292       _KeInitializeEvent@12      00011292 f   ntoskrnl:ntoskrnl.exe
 0001:00000298       _memcpy                    00011298 f   ntoskrnl:ntoskrnl.exe
 0001:0000029e       _IoDetachDevice@4          0001129e f   ntoskrnl:ntoskrnl.exe
 0001:000002a4       _RtlFreeUnicodeString@4    000112a4 f   ntoskrnl:ntoskrnl.exe
 0001:000002aa       _IoSetDeviceInterfaceState@8 000112aa f   ntoskrnl:ntoskrnl.exe
 0001:000002b0       _IoConnectInterrupt@44     000112b0 f   ntoskrnl:ntoskrnl.exe
 0001:000002b6       _WRITE_REGISTER_ULONG@8    000112b6 f   ntoskrnl:ntoskrnl.exe
 0001:000002bc       _MmMapIoSpace@16           000112bc f   ntoskrnl:ntoskrnl.exe
 0001:000002c2       @IofCompleteRequest@8      000112c2 f   ntoskrnl:ntoskrnl.exe
 0001:000002c8       _IoDisconnectInterrupt@4   000112c8 f   ntoskrnl:ntoskrnl.exe
 0001:000002ce       _READ_REGISTER_ULONG@4     000112ce f   ntoskrnl:ntoskrnl.exe
 0001:000002d4       _ObReferenceObjectByHandle@24 000112d4 f   ntoskrnl:ntoskrnl.exe
 0001:000002da       _KeGetCurrentIrql@0        000112da f   wdm:HAL.DLL
 0002:00000000       __imp__KeGetCurrentIrql@0  00012000     wdm:HAL.DLL
 0002:00000004       \177HAL_NULL_THUNK_DATA    00012004     wdm:HAL.DLL
 0002:00000008       __imp__IoRegisterDeviceInterface@16 00012008     ntoskrnl:ntoskrnl.exe
 0002:0000000c       __imp__IoAttachDeviceToDeviceStack@8 0001200c     ntoskrnl:ntoskrnl.exe
 0002:00000010       __imp__IoCreateDevice@28   00012010     ntoskrnl:ntoskrnl.exe
 0002:00000014       __imp_@IofCallDriver@8     00012014     ntoskrnl:ntoskrnl.exe
 0002:00000018       __imp__RtlAssert@16        00012018     ntoskrnl:ntoskrnl.exe
 0002:0000001c       __imp__KeSetEvent@12       0001201c     ntoskrnl:ntoskrnl.exe
 0002:00000020       __imp__KeWaitForSingleObject@20 00012020     ntoskrnl:ntoskrnl.exe
 0002:00000024       __imp__KeInitializeEvent@12 00012024     ntoskrnl:ntoskrnl.exe
 0002:00000028       __imp__memcpy              00012028     ntoskrnl:ntoskrnl.exe
 0002:0000002c       __imp__IoDetachDevice@4    0001202c     ntoskrnl:ntoskrnl.exe
 0002:00000030       __imp__IoDeleteDevice@4    00012030     ntoskrnl:ntoskrnl.exe
 0002:00000034       __imp__IoSetDeviceInterfaceState@8 00012034     ntoskrnl:ntoskrnl.exe
 0002:00000038       __imp__IoConnectInterrupt@44 00012038     ntoskrnl:ntoskrnl.exe
 0002:0000003c       __imp__WRITE_REGISTER_ULONG@8 0001203c     ntoskrnl:ntoskrnl.exe
 0002:00000040       __imp__MmMapIoSpace@16     00012040     ntoskrnl:ntoskrnl.exe
 0002:00000044       __imp_@IofCompleteRequest@8 00012044     ntoskrnl:ntoskrnl.exe
 0002:00000048       __imp__IoDisconnectInterrupt@4 00012048     ntoskrnl:ntoskrnl.exe
 0002:0000004c       __imp__READ_REGISTER_ULONG@4 0001204c     ntoskrnl:ntoskrnl.exe
 0002:00000050       __imp__ObReferenceObjectByHandle@24 00012050     ntoskrnl:ntoskrnl.exe
 0002:00000054       __imp__ExEventObjectType   00012054     ntoskrnl:ntoskrnl.exe
 0002:00000054       _ExEventObjectType         00012054     ntoskrnl:ntoskrnl.exe
 0002:00000058       __imp__RtlFreeUnicodeString@4 00012058     ntoskrnl:ntoskrnl.exe
 0002:0000005c       __imp__DbgPrint            0001205c     ntoskrnl:ntoskrnl.exe
 0002:00000060       \177ntoskrnl_NULL_THUNK_DATA 00012060     ntoskrnl:ntoskrnl.exe
 0002:0000008c       ?ulHPILen@_DEVICE_EXTENSION@@2KB 0001208c     NCSunDriver.obj
 0002:00000090       _NCCtrlDevice              00012090     NCSunDriver.obj
 0002:00000508       ??_C@_0CI@HDMHMCGD@Irp?9?$DOCurrentLocation?5?$DM?$DN?5Irp?9?$DOSta@ 00012508     NCSunDriver.obj
 0002:00000530       ??_C@_0CF@DDOEGKHI@D?3?2WinDDK?27600?416385?41?2inc?2ddk?2w@ 00012530     NCSunDriver.obj
 0002:00000558       ??_C@_0FK@JAEDPCKJ@?$CIInvokeOnSuccess?5?$HM?$HM?5InvokeOnErro@ 00012558     NCSunDriver.obj
 0002:000005b4       ??_C@_0BJ@HKMILGM@Irp?9?$DOCurrentLocation?5?$DO?50?$AA@ 000125b4     NCSunDriver.obj
 0002:000005d0       ??_C@_0CM@LOONDNKF@Irp?9?$DOCurrentLocation?5?$DM?$DN?5Irp?9?$DOSta@ 000125d0     NCSunDriver.obj
 0004:00000000       ?NCDriverAddDevice@@YGJPAU_DRIVER_OBJECT@@PAU_DEVICE_OBJECT@@@Z 00014000 f   NCSunDriver.obj
 0004:00000130       ?DefaultPnpHandler@@YGJPAU_DEVICE_EXTENSION@@PAU_IRP@@@Z 00014130 f   NCSunDriver.obj
 0004:000001a0       ?ForwardAndWait@@YGJPAU_DEVICE_EXTENSION@@PAU_IRP@@@Z 000141a0 f   NCSunDriver.obj
 0004:00000250       ?NCDriverRemoveDevice@@YGJPAU_DEVICE_EXTENSION@@PAU_IRP@@@Z 00014250 f   NCSunDriver.obj
 0004:00000310       ?InitNCBoard@@YGJPAU_DEVICE_EXTENSION@@PAU_CM_PARTIAL_RESOURCE_LIST@@@Z 00014310 f   NCSunDriver.obj
 0004:00000550       ?NCDriverStartDevice@@YGJPAU_DEVICE_EXTENSION@@PAU_IRP@@@Z 00014550 f   NCSunDriver.obj
 0004:000006b0       ?NCDriverStopDevice@@YGJPAU_DEVICE_EXTENSION@@PAU_IRP@@@Z 000146b0 f   NCSunDriver.obj
 0004:00000760       ?NCDriverPnp@@YGJPAU_DEVICE_OBJECT@@PAU_IRP@@@Z 00014760 f   NCSunDriver.obj
 0004:00000810       ?NCDriverDispatchRoutine@@YGJPAU_DEVICE_OBJECT@@PAU_IRP@@@Z 00014810 f   NCSunDriver.obj
 0004:00000880       ?NCDriverUnload@@YGXPAU_DRIVER_OBJECT@@@Z 00014880 f   NCSunDriver.obj
 0004:000008d0       ?CompleteRequest@@YGJPAU_IRP@@JK@Z 000148d0 f   NCSunDriver.obj
 0004:00000940       ?C6x_Write_Word@@YGXPAK00KK@Z 00014940 f   NCSunDriver.obj
 0004:00000a80       ?C6x_Write_NoIncreament_Section@@YGXPAK00K0K@Z 00014a80 f   NCSunDriver.obj
 0004:00000c10       ?C6x_Write_Increment_Section@@YGXPAK000K0K@Z 00014c10 f   NCSunDriver.obj
 0004:00000cd0       ?C6x_Read_Increament_Section@@YGXPAK00KKK@Z 00014cd0 f   NCSunDriver.obj
 0004:00000d80       ?NCDriverDeviceControl@@YGJPAU_DEVICE_OBJECT@@PAU_IRP@@@Z 00014d80 f   NCSunDriver.obj
 0005:00000000       _DriverEntry@8             00016000 f   NCSunDriver.obj
 0005:0000007c       __IMPORT_DESCRIPTOR_ntoskrnl 0001607c     ntoskrnl:ntoskrnl.exe
 0005:00000090       __IMPORT_DESCRIPTOR_HAL    00016090     wdm:HAL.DLL
 0005:000000a4       __NULL_IMPORT_DESCRIPTOR   000160a4     ntoskrnl:ntoskrnl.exe

 entry point at        0000:00000000

 Static symbols

