 NCSunDriver

 Timestamp is 547ed53e (Wed Dec 03 17:17:50 2014)

 Preferred load address is 00010000

 Start         Length     Name                   Class
 0001:00000000 0000049cH .text                   CODE
 0002:00000000 0000006cH .idata$5                DATA
 0002:00000070 000005dcH .rdata                  DATA
 0002:0000064c 00000061H .rdata$debug            DATA
 0003:00000000 00000060H .data                   DATA
 0004:00000000 00001491H PAGE                    CODE
 0005:00000000 00000079H INIT                    CODE
 0005:0000007c 00000028H .idata$2                CODE
 0005:000000a4 00000014H .idata$3                CODE
 0005:000000b8 0000006cH .idata$4                CODE
 0005:00000124 0000021cH .idata$6                CODE

  Address         Publics by Value              Rva+Base       Lib:Object

 0001:00000000       _DbgRaiseAssertionFailure@0 00011000 f i NCSunDriver.obj
 0001:00000010       _IoSkipCurrentIrpStackLocation@4 00011010 f i NCSunDriver.obj
 0001:00000080       ?OnRequestComplete@@YGJPAU_DEVICE_OBJECT@@PAU_IRP@@PAU_KEVENT@@@Z 00011080 f   NCSunDriver.obj
 0001:000000a0       ?OnInterrupt@@YGEPAU_KINTERRUPT@@PAU_DEVICE_EXTENSION@@@Z 000110a0 f   NCSunDriver.obj
 0001:00000160       ?LockDevice@@YGEPAU_DEVICE_EXTENSION@@@Z 00011160 f   NCSunDriver.obj
 0001:000001b0       ?UnlockDevice@@YGXPAU_DEVICE_EXTENSION@@@Z 000111b0 f   NCSunDriver.obj
 0001:00000200       ?EnablePciInterrupt@@YGEPAU_DEVICE_EXTENSION@@@Z 00011200 f   NCSunDriver.obj
 0001:00000260       _IoSetCompletionRoutine@24 00011260 f i NCSunDriver.obj
 0001:00000330       _IoGetNextIrpStackLocation@4 00011330 f i NCSunDriver.obj
 0001:00000380       _IoCopyCurrentIrpStackLocationToNext@4 00011380 f i NCSunDriver.obj
 0001:000003c0       _IoGetCurrentIrpStackLocation@4 000113c0 f i NCSunDriver.obj
 0001:0000040c       _DbgPrint                  0001140c f   ntoskrnl:ntoskrnl.exe
 0001:00000412       _KeInitializeEvent@12      00011412 f   ntoskrnl:ntoskrnl.exe
 0001:00000418       _IoDeleteDevice@4          00011418 f   ntoskrnl:ntoskrnl.exe
 0001:0000041e       _IoRegisterDeviceInterface@16 0001141e f   ntoskrnl:ntoskrnl.exe
 0001:00000424       _IoAttachDeviceToDeviceStack@8 00011424 f   ntoskrnl:ntoskrnl.exe
 0001:0000042a       _IoCreateDevice@28         0001142a f   ntoskrnl:ntoskrnl.exe
 0001:00000430       @IofCallDriver@8           00011430 f   ntoskrnl:ntoskrnl.exe
 0001:00000436       _RtlAssert@16              00011436 f   ntoskrnl:ntoskrnl.exe
 0001:0000043c       _KeSetEvent@12             0001143c f   ntoskrnl:ntoskrnl.exe
 0001:00000442       _KeWaitForSingleObject@20  00011442 f   ntoskrnl:ntoskrnl.exe
 0001:00000448       _memcpy                    00011448 f   ntoskrnl:ntoskrnl.exe
 0001:0000044e       _IoDetachDevice@4          0001144e f   ntoskrnl:ntoskrnl.exe
 0001:00000454       _IoDisconnectInterrupt@4   00011454 f   ntoskrnl:ntoskrnl.exe
 0001:0000045a       _RtlFreeUnicodeString@4    0001145a f   ntoskrnl:ntoskrnl.exe
 0001:00000460       _IoSetDeviceInterfaceState@8 00011460 f   ntoskrnl:ntoskrnl.exe
 0001:00000466       _WRITE_REGISTER_ULONG@8    00011466 f   ntoskrnl:ntoskrnl.exe
 0001:0000046c       _READ_REGISTER_ULONG@4     0001146c f   ntoskrnl:ntoskrnl.exe
 0001:00000472       @InterlockedDecrement@4    00011472 f   ntoskrnl:ntoskrnl.exe
 0001:00000478       @InterlockedIncrement@4    00011478 f   ntoskrnl:ntoskrnl.exe
 0001:0000047e       _IoConnectInterrupt@44     0001147e f   ntoskrnl:ntoskrnl.exe
 0001:00000484       _MmMapIoSpace@16           00011484 f   ntoskrnl:ntoskrnl.exe
 0001:0000048a       @IofCompleteRequest@8      0001148a f   ntoskrnl:ntoskrnl.exe
 0001:00000490       _ObReferenceObjectByHandle@24 00011490 f   ntoskrnl:ntoskrnl.exe
 0001:00000496       _KeGetCurrentIrql@0        00011496 f   wdm:HAL.DLL
 0002:00000000       __imp__KeGetCurrentIrql@0  00012000     wdm:HAL.DLL
 0002:00000004       \177HAL_NULL_THUNK_DATA    00012004     wdm:HAL.DLL
 0002:00000008       __imp__IoDeleteDevice@4    00012008     ntoskrnl:ntoskrnl.exe
 0002:0000000c       __imp__IoRegisterDeviceInterface@16 0001200c     ntoskrnl:ntoskrnl.exe
 0002:00000010       __imp__IoAttachDeviceToDeviceStack@8 00012010     ntoskrnl:ntoskrnl.exe
 0002:00000014       __imp__IoCreateDevice@28   00012014     ntoskrnl:ntoskrnl.exe
 0002:00000018       __imp_@IofCallDriver@8     00012018     ntoskrnl:ntoskrnl.exe
 0002:0000001c       __imp__RtlAssert@16        0001201c     ntoskrnl:ntoskrnl.exe
 0002:00000020       __imp__KeSetEvent@12       00012020     ntoskrnl:ntoskrnl.exe
 0002:00000024       __imp__KeWaitForSingleObject@20 00012024     ntoskrnl:ntoskrnl.exe
 0002:00000028       __imp__memcpy              00012028     ntoskrnl:ntoskrnl.exe
 0002:0000002c       __imp__IoDetachDevice@4    0001202c     ntoskrnl:ntoskrnl.exe
 0002:00000030       __imp__IoDisconnectInterrupt@4 00012030     ntoskrnl:ntoskrnl.exe
 0002:00000034       __imp__KeInitializeEvent@12 00012034     ntoskrnl:ntoskrnl.exe
 0002:00000038       __imp__IoSetDeviceInterfaceState@8 00012038     ntoskrnl:ntoskrnl.exe
 0002:0000003c       __imp__WRITE_REGISTER_ULONG@8 0001203c     ntoskrnl:ntoskrnl.exe
 0002:00000040       __imp__READ_REGISTER_ULONG@4 00012040     ntoskrnl:ntoskrnl.exe
 0002:00000044       __imp_@InterlockedDecrement@4 00012044     ntoskrnl:ntoskrnl.exe
 0002:00000048       __imp_@InterlockedIncrement@4 00012048     ntoskrnl:ntoskrnl.exe
 0002:0000004c       __imp__IoConnectInterrupt@44 0001204c     ntoskrnl:ntoskrnl.exe
 0002:00000050       __imp__MmMapIoSpace@16     00012050     ntoskrnl:ntoskrnl.exe
 0002:00000054       __imp_@IofCompleteRequest@8 00012054     ntoskrnl:ntoskrnl.exe
 0002:00000058       __imp__ObReferenceObjectByHandle@24 00012058     ntoskrnl:ntoskrnl.exe
 0002:0000005c       __imp__ExEventObjectType   0001205c     ntoskrnl:ntoskrnl.exe
 0002:0000005c       _ExEventObjectType         0001205c     ntoskrnl:ntoskrnl.exe
 0002:00000060       __imp__RtlFreeUnicodeString@4 00012060     ntoskrnl:ntoskrnl.exe
 0002:00000064       __imp__DbgPrint            00012064     ntoskrnl:ntoskrnl.exe
 0002:00000068       \177ntoskrnl_NULL_THUNK_DATA 00012068     ntoskrnl:ntoskrnl.exe
 0002:0000008c       ?ulHPILen@_DEVICE_EXTENSION@@2KB 0001208c     NCSunDriver.obj
 0002:00000090       ?ulPCI9052MemLen@_DEVICE_EXTENSION@@2KB 00012090     NCSunDriver.obj
 0002:00000094       _NCCtrlDevice              00012094     NCSunDriver.obj
 0002:00000554       ??_C@_0CI@HDMHMCGD@Irp?9?$DOCurrentLocation?5?$DM?$DN?5Irp?9?$DOSta@ 00012554     NCSunDriver.obj
 0002:0000057c       ??_C@_0CF@DDOEGKHI@D?3?2WinDDK?27600?416385?41?2inc?2ddk?2w@ 0001257c     NCSunDriver.obj
 0002:000005a8       ??_C@_0FK@JAEDPCKJ@?$CIInvokeOnSuccess?5?$HM?$HM?5InvokeOnErro@ 000125a8     NCSunDriver.obj
 0002:00000604       ??_C@_0BJ@HKMILGM@Irp?9?$DOCurrentLocation?5?$DO?50?$AA@ 00012604     NCSunDriver.obj
 0002:00000620       ??_C@_0CM@LOONDNKF@Irp?9?$DOCurrentLocation?5?$DM?$DN?5Irp?9?$DOSta@ 00012620     NCSunDriver.obj
 0004:00000000       ?NCDriverAddDevice@@YGJPAU_DRIVER_OBJECT@@PAU_DEVICE_OBJECT@@@Z 00014000 f   NCSunDriver.obj
 0004:00000140       ?DefaultPnpHandler@@YGJPAU_DEVICE_EXTENSION@@PAU_IRP@@@Z 00014140 f   NCSunDriver.obj
 0004:000001b0       ?ForwardAndWait@@YGJPAU_DEVICE_EXTENSION@@PAU_IRP@@@Z 000141b0 f   NCSunDriver.obj
 0004:00000260       ?NCDriverRemoveDevice@@YGJPAU_DEVICE_EXTENSION@@PAU_IRP@@@Z 00014260 f   NCSunDriver.obj
 0004:00000330       ?InitNCBoard@@YGJPAU_DEVICE_EXTENSION@@PAU_CM_PARTIAL_RESOURCE_LIST@@@Z 00014330 f   NCSunDriver.obj
 0004:000005d0       ?NCDriverStartDevice@@YGJPAU_DEVICE_EXTENSION@@PAU_IRP@@@Z 000145d0 f   NCSunDriver.obj
 0004:00000730       ?NCDriverStopDevice@@YGJPAU_DEVICE_EXTENSION@@PAU_IRP@@@Z 00014730 f   NCSunDriver.obj
 0004:000007e0       ?NCDriverPnp@@YGJPAU_DEVICE_OBJECT@@PAU_IRP@@@Z 000147e0 f   NCSunDriver.obj
 0004:00000890       ?NCDriverDispatchRoutine@@YGJPAU_DEVICE_OBJECT@@PAU_IRP@@@Z 00014890 f   NCSunDriver.obj
 0004:00000900       ?NCDriverUnload@@YGXPAU_DRIVER_OBJECT@@@Z 00014900 f   NCSunDriver.obj
 0004:00000950       ?CompleteRequest@@YGJPAU_IRP@@JK@Z 00014950 f   NCSunDriver.obj
 0004:000009c0       ?C6x_Write_Word@@YGXPAK00KK@Z 000149c0 f   NCSunDriver.obj
 0004:00000b00       ?C6x_Write_NoIncreament_Section@@YGXPAK00K0K@Z 00014b00 f   NCSunDriver.obj
 0004:00000c90       ?C6x_Write_Increment_Section@@YGXPAK000K0K@Z 00014c90 f   NCSunDriver.obj
 0004:00000d50       ?C6x_Read_Increament_Section@@YGXPAK00KKK@Z 00014d50 f   NCSunDriver.obj
 0004:00000e00       ?NCDriverDeviceControl@@YGJPAU_DEVICE_OBJECT@@PAU_IRP@@@Z 00014e00 f   NCSunDriver.obj
 0005:00000000       _DriverEntry@8             00016000 f   NCSunDriver.obj
 0005:0000007c       __IMPORT_DESCRIPTOR_ntoskrnl 0001607c     ntoskrnl:ntoskrnl.exe
 0005:00000090       __IMPORT_DESCRIPTOR_HAL    00016090     wdm:HAL.DLL
 0005:000000a4       __NULL_IMPORT_DESCRIPTOR   000160a4     ntoskrnl:ntoskrnl.exe

 entry point at        0000:00000000

 Static symbols

